#,,"generated_by='OpenQuake engine 3.15.0-git4f40f27632', start_date='2022-06-09T08:24:24', checksum=4118480633, kind='mean', investigation_time=50.0"
lon,lat,PGA-0.002105
112.10000,22.30000,3.189432E-02
