#,,,,,,,"generated_by='OpenQuake engine 3.14.0-gita05d702cf6', start_date='2022-03-21T07:41:08', checksum=2957561939, kind='mean', investigation_time=1.0"
lon,lat,0.001~PGA,0.001~SA(0.1),0.001~SA(0.2),0.001~SA(0.5),0.001~SA(1.0),0.001~SA(2.0)
0.00000,0.10000,9.372928E-03,1.779371E-02,2.247217E-02,1.411178E-02,6.461873E-03,0.000000E+00
