#,,,,"generated_by='OpenQuake engine 3.13.0-git24069b31de', start_date='2021-09-21T11:57:22', checksum=3067457643, imls=[0.9999999999999998, 0.6147003601397066], site_id=1, lon=0.0, lat=0.1"
sa_period,val0,std0,val1,std1
0.00000E+00,8.99611E-01,2.70763E-01,6.46563E-01,2.71323E-01
1.00000E-01,1.75625E+00,3.94240E-01,1.27833E+00,3.95027E-01
2.00000E-01,2.71828E+00,9.46690E-09,1.84910E+00,9.45304E-09
3.00000E-01,1.76957E+00,3.32678E-01,1.22074E+00,3.32033E-01
1.00000E+00,2.88969E-01,5.89619E-01,2.11082E-01,5.87970E-01
