#,,"generated_by='OpenQuake engine 3.13.0-git24069b31de', start_date='2021-09-21T11:57:29', checksum=3067457643, imls=[0.1], site_id=1, lon=0.0, lat=0.1"
sa_period,val0,std0
0.00000E+00,4.16274E-01,2.69104E-01
1.00000E-01,8.42978E-01,3.92393E-01
2.00000E-01,1.10517E+00,9.35716E-09
3.00000E-01,7.51561E-01,3.28831E-01
1.00000E+00,1.46035E-01,5.84361E-01
