#,,,,,,,,,"generated_by='OpenQuake engine 3.15.0-gitada0a2e3f8', start_date='2022-05-10T07:50:50', checksum=2148057655, investigation_time=50.0, ses_per_logic_tree_path=1"
rup_id,multiplicity,mag,centroid_lon,centroid_lat,centroid_depth,trt,strike,dip,rake
0,1,5.400000E+00,1.459040E+02,4.339700E+01,5.200000E+01,Subduction Interface - North East Correction,2.394670E+02,3.566093E+01,9.000000E+01
1,1,7.900000E+00,1.460250E+02,4.289000E+01,2.580000E+01,Subduction Interface - North East Correction,NAN,NAN,9.000000E+01
