#,,,"generated_by='OpenQuake engine 3.15.0-gite0efa39f20', start_date='2022-06-03T08:25:36', checksum=1831259238, investigation_time=1.0, risk_investigation_time=50.0"
loss_type,site_id,loss_value,loss_ratio
structural,0,3.98211E+04,1.32737E+00
structural,1,1.26832E+04,1.26832E+00
