#,,,"generated_by='OpenQuake engine 3.13.0-gite0012e63a6', start_date='2021-10-07T06:38:41', checksum=1674009561, investigation_time=None, risk_investigation_time=None"
loss_type,rlz_id,no_damage,complete
structural,0,3.33836E+02,2.16400E+00
structural,1,3.34669E+02,1.33100E+00
structural,2,3.34585E+02,1.41500E+00
