+--------------+
| structural   |
+--------------+
| 2.153444E+03 |
+--------------+
| 2.811506E+03 |
+--------------+