#,,,,,,,,,,,,,"generated_by='OpenQuake engine 3.14.0-git58ead3b296', start_date='2022-01-27T05:24:02', checksum=1883399059, kind='quantile-0.5', risk_investigation_time=50.0"
asset_id,taxonomy,lon,lat,business_interruption~poe-0.02,business_interruption~poe-0.1,contents~poe-0.02,contents~poe-0.1,nonstructural~poe-0.02,nonstructural~poe-0.1,occupants~poe-0.02,occupants~poe-0.1,structural~poe-0.02,structural~poe-0.1
a3,tax1,-122.57000,38.11300,1.85139E+02,7.88473E+01,1.50779E+03,4.92320E+02,1.66996E+03,7.38467E+02,3.70277E-03,1.57695E-03,7.75960E+02,3.00644E+02
a2,tax2,-122.11400,38.11300,6.42892E+02,2.46765E+02,5.00000E+03,4.11446E+03,1.29915E+04,5.45957E+03,1.28578E-02,4.93529E-03,1.75492E+03,6.22552E+02
a5,tax1,-122.00000,37.91000,6.64977E+02,1.96445E+02,4.56749E+03,1.60022E+03,6.25528E+03,1.76522E+03,1.32995E-02,3.92891E-03,3.59253E+03,8.89940E+02
a4,tax3,-122.00000,38.00000,1.15818E+03,3.98377E+02,5.00000E+03,4.20860E+03,1.47798E+04,7.86374E+03,2.31636E-02,7.96754E-03,5.11316E+03,1.78344E+03
a1,tax1,-122.00000,38.11300,1.48013E+03,6.45840E+02,5.00000E+03,4.44861E+03,1.25496E+04,5.93163E+03,2.96025E-02,1.29168E-02,7.35309E+03,3.39475E+03
a6,tax2,-122.00000,38.22500,7.72154E+02,3.33346E+02,5.00000E+03,4.79051E+03,1.47376E+04,8.82030E+03,1.54431E-02,6.66691E-03,2.09769E+03,8.15445E+02
a7,tax1,-121.88600,38.11300,7.77118E+02,2.70485E+02,4.60011E+03,2.12192E+03,7.05304E+03,2.41483E+03,1.55424E-02,5.40970E-03,3.99489E+03,1.27464E+03
