+------+-----------------------+-----------+---------------+-----------+------------+
| loss | business_interruption | contents  | nonstructural | occupants | structural |
+------+-----------------------+-----------+---------------+-----------+------------+
| avg  | 198_292               | 1_698_555 | 3_164_166     | 6.23877   | 784_403    |
+------+-----------------------+-----------+---------------+-----------+------------+