#,,"generated_by='OpenQuake engine 3.15.0-gitada0a2e3f8', start_date='2022-05-10T07:51:24', checksum=3232845696"
site_id,event_id,gmv_PGA
0,0,2.36538E-01
0,1,2.40618E-01
0,2,2.56796E-01
0,3,2.57040E-01
0,4,2.83462E-01
0,5,3.13939E-01
0,6,3.13939E-01
0,7,3.30620E-01
