#,,"generated_by='OpenQuake engine 3.13.0-git24069b31de', start_date='2021-09-21T11:57:29', checksum=3067457643, imls=[0.1], site_id=0, lon=0.0, lat=0.0"
sa_period,val0,std0
0.00000E+00,4.96522E-01,2.68883E-01
1.00000E-01,1.01530E+00,3.88827E-01
2.00000E-01,1.10517E+00,9.21429E-09
3.00000E-01,7.57374E-01,3.26061E-01
1.00000E+00,1.71240E-01,5.83728E-01
