#,,,,,,,,,,,,,,,,,,,,,,"generated_by='OpenQuake engine 3.15.0-gitf8f1bb72af', start_date='2022-06-10T08:30:46', checksum=849825935, kind='mean', investigation_time=50.0, imt='PGA'"
lon,lat,depth,poe-0.0010000,poe-0.0012743,poe-0.0016238,poe-0.0020691,poe-0.0026367,poe-0.0033598,poe-0.0042813,poe-0.0054556,poe-0.0069519,poe-0.0088587,poe-0.0112884,poe-0.0143845,poe-0.0183298,poe-0.0233572,poe-0.0297635,poe-0.0379269,poe-0.0483293,poe-0.0615848,poe-0.0784760,poe-0.1000000
1.10000,-1.90000,0.00000,9.868200E-01,9.818320E-01,9.697182E-01,9.401392E-01,8.715406E-01,7.360366E-01,5.320123E-01,3.128589E-01,1.460745E-01,5.287988E-02,1.373787E-02,2.146052E-03,0.000000E+00,0.000000E+00,0.000000E+00,0.000000E+00,0.000000E+00,0.000000E+00,0.000000E+00,0.000000E+00
1.10000,-1.10000,0.00000,9.897254E-01,9.890880E-01,9.874234E-01,9.833997E-01,9.738668E-01,9.512176E-01,8.991808E-01,7.932985E-01,6.206855E-01,4.104372E-01,2.229979E-01,9.816257E-02,3.422244E-02,9.355110E-03,1.722342E-03,6.963374E-05,0.000000E+00,0.000000E+00,0.000000E+00,0.000000E+00
