#,,,,,,,,,,,,"generated_by='OpenQuake engine 3.13.0-git15aebfc136', start_date='2021-11-30T09:02:43', checksum=3955401668, kind='mean', investigation_time=1.0, imt='PGA'"
lon,lat,depth,poe-0.0500000,poe-0.0540030,poe-0.0583265,poe-0.0629961,poe-0.0680395,poe-0.0734867,poe-0.0793701,poe-0.0857244,poe-0.0925875,poe-0.1000000
0.50000,0.05000,0.00000,5.351199E-03,4.864870E-03,4.381693E-03,3.907830E-03,3.449083E-03,3.010689E-03,2.597141E-03,2.212054E-03,1.858089E-03,1.536920E-03
