#,,,,"generated_by='OpenQuake engine 3.15.0-gite6f2c59242', start_date='2022-07-06T10:33:14', checksum=3053125482"
id,policy,retention,cession,remainder
*,E,1.00000E+03,1.50000E+03,1.50000E+03
a_01,A,2.00000E+03,3.00000E+03,0.00000E+00
a_02,B,0.00000E+00,0.00000E+00,0.00000E+00
a_03,C,0.00000E+00,0.00000E+00,0.00000E+00
a_04,D,0.00000E+00,0.00000E+00,0.00000E+00
