#,,,,,"generated_by='OpenQuake engine 3.15.0-gite6f2c59242', start_date='2022-07-06T10:33:14', checksum=920491457"
id,policy,retention,cession,remainder,no_insured
*,V,1.66667E+05,1.66667E+06,1.16667E+06,0.00000E+00
*,Additional_P,2.32500E+05,2.32500E+06,1.31750E+06,0.00000E+00
a_04,W,6.66667E+04,6.66667E+05,2.66667E+05,0.00000E+00
a_05,X,9.09091E+04,9.09091E+05,0.00000E+00,0.00000E+00
a_06,Y,2.50000E+05,7.50000E+05,0.00000E+00,0.00000E+00
a_07,Z,2.00000E+05,0.00000E+00,0.00000E+00,8.00000E+05
a_special,W,3.00000E+05,3.00000E+06,1.20000E+06,5.00000E+05
