#,,,,,,,"generated_by='OpenQuake engine 3.12.0-git976a19c969', start_date='2021-06-16T15:53:33', checksum=2628699734, kind='mean', investigation_time=1.0"
lon,lat,0.001998001332666921~PGA,0.001998001332666921~SA(0.1),0.001998001332666921~SA(0.2),0.001998001332666921~SA(0.5),0.001998001332666921~SA(1.0),0.001998001332666921~SA(2.0)
0.00000,0.00000,2.252010E-01,6.733434E-01,6.222255E-01,2.412221E-01,9.175792E-02,4.331783E-02
