#,,,,,,,,,,,,,,,,,"generated_by='OpenQuake engine 3.15.0-gitf8f1bb72af', start_date='2022-06-10T08:13:58', checksum=4157855286, kind='mean', investigation_time=50.0"
lon,lat,0.1~PGA,0.1~SA(0.025),0.1~SA(0.05),0.1~SA(0.1),0.1~SA(0.2),0.1~SA(0.5),0.1~SA(1.0),0.1~SA(2.0),0.02~PGA,0.02~SA(0.025),0.02~SA(0.05),0.02~SA(0.1),0.02~SA(0.2),0.02~SA(0.5),0.02~SA(1.0),0.02~SA(2.0)
0.00000,0.00000,3.331410E-01,3.654442E-01,4.713441E-01,7.527079E-01,7.615839E-01,4.181228E-01,2.108844E-01,9.169596E-02,5.249259E-01,5.766324E-01,7.477117E-01,1.203569E+00,1.239028E+00,7.159863E-01,3.768304E-01,1.735025E-01
0.10000,0.00000,3.327493E-01,3.658146E-01,4.740253E-01,7.555470E-01,7.501986E-01,4.102492E-01,2.060767E-01,8.847526E-02,5.376636E-01,5.920943E-01,7.731964E-01,1.241453E+00,1.248639E+00,7.191952E-01,3.772302E-01,1.714830E-01
