#,,,,,,,,,,,,,"generated_by='OpenQuake engine 3.14.0-git58ead3b296', start_date='2022-01-27T05:24:02', checksum=1883399059, kind='quantile-0.15', risk_investigation_time=50.0"
asset_id,taxonomy,lon,lat,business_interruption~poe-0.02,business_interruption~poe-0.1,contents~poe-0.02,contents~poe-0.1,nonstructural~poe-0.02,nonstructural~poe-0.1,occupants~poe-0.02,occupants~poe-0.1,structural~poe-0.02,structural~poe-0.1
a3,tax1,-122.57000,38.11300,1.12497E+02,3.31418E+01,8.11430E+02,1.87612E+02,1.03435E+03,2.81418E+02,2.24994E-03,6.62836E-04,3.49097E+02,9.54863E+01
a2,tax2,-122.11400,38.11300,3.09408E+02,1.82392E+02,5.00000E+03,3.56053E+03,8.44756E+03,4.09133E+03,6.18816E-03,3.64783E-03,7.05091E+02,3.73892E+02
a5,tax1,-122.00000,37.91000,1.97850E+02,1.57513E+02,1.62956E+03,1.24295E+03,1.78118E+03,1.42823E+03,3.95699E-03,3.15025E-03,8.79819E+02,5.36825E+02
a4,tax3,-122.00000,38.00000,6.97540E+02,3.16710E+02,5.00000E+03,3.18331E+03,1.23187E+04,4.88066E+03,1.39508E-02,6.33421E-03,3.16500E+03,1.36270E+03
a1,tax1,-122.00000,38.11300,1.30192E+03,5.68605E+02,5.00000E+03,4.11603E+03,1.14139E+04,5.21842E+03,2.60384E-02,1.13721E-02,6.51952E+03,2.70801E+03
a6,tax2,-122.00000,38.22500,5.86460E+02,2.66920E+02,5.00000E+03,4.64363E+03,1.43883E+04,7.74763E+03,1.17292E-02,5.33840E-03,1.62775E+03,6.71487E+02
a7,tax1,-121.88600,38.11300,3.11943E+02,1.82874E+02,2.57792E+03,1.48321E+03,2.80824E+03,1.64953E+03,6.23886E-03,3.65747E-03,1.36267E+03,7.87591E+02
