#,,,,,,,,,,,,,"generated_by='OpenQuake engine 3.14.0-git58ead3b296', start_date='2022-01-27T05:24:02', checksum=1883399059, kind='mean', risk_investigation_time=50.0"
asset_id,taxonomy,lon,lat,business_interruption~poe-0.02,business_interruption~poe-0.1,contents~poe-0.02,contents~poe-0.1,nonstructural~poe-0.02,nonstructural~poe-0.1,occupants~poe-0.02,occupants~poe-0.1,structural~poe-0.02,structural~poe-0.1
a3,tax1,-122.57000,38.11300,1.80254E+02,7.31122E+01,1.46105E+03,4.54085E+02,1.62723E+03,6.81118E+02,3.60509E-03,1.46224E-03,7.31457E+02,2.80188E+02
a2,tax2,-122.11400,38.11300,6.50157E+02,2.56079E+02,5.00000E+03,4.32330E+03,1.34883E+04,5.89663E+03,1.30031E-02,5.12157E-03,1.77222E+03,6.44476E+02
a5,tax1,-122.00000,37.91000,6.29888E+02,1.97041E+02,4.34265E+03,1.60984E+03,5.76247E+03,1.77145E+03,1.25978E-02,3.94081E-03,3.22214E+03,8.96297E+02
a4,tax3,-122.00000,38.00000,1.18426E+03,4.33890E+02,5.00000E+03,4.40561E+03,1.49418E+04,8.63677E+03,2.36851E-02,8.67780E-03,5.23340E+03,1.91471E+03
a1,tax1,-122.00000,38.11300,1.54559E+03,7.01571E+02,5.00000E+03,4.56933E+03,1.29375E+04,6.51134E+03,3.09118E-02,1.40314E-02,7.70022E+03,3.70899E+03
a6,tax2,-122.00000,38.22500,8.50944E+02,3.52509E+02,5.00000E+03,4.83926E+03,1.49222E+04,9.47727E+03,1.70189E-02,7.05018E-03,2.31165E+03,8.58377E+02
a7,tax1,-121.88600,38.11300,8.39513E+02,2.81777E+02,4.70343E+03,2.24664E+03,7.64691E+03,2.51946E+03,1.67903E-02,5.63554E-03,4.23565E+03,1.33340E+03
