#,,,,,,,,,,,,"generated_by='OpenQuake engine 3.13.0-gita3d26d8cc3', start_date='2021-10-15T17:26:55', checksum=4144669908, kind='mean', investigation_time=50.0, imt='PGA'"
lon,lat,depth,poe-0.0100000,poe-0.0166810,poe-0.0278256,poe-0.0464159,poe-0.0774264,poe-0.1291550,poe-0.2154435,poe-0.3593814,poe-0.5994843,poe-1.0000000
4.75400,45.40990,0.00000,5.894647E-02,2.907595E-02,1.200912E-02,4.074580E-03,1.102408E-03,2.265853E-04,3.152300E-05,1.920111E-06,2.583682E-09,0.000000E+00
