+------+-----------------------+-----------+---------------+-----------+------------+
| loss | business_interruption | contents  | nonstructural | occupants | structural |
+------+-----------------------+-----------+---------------+-----------+------------+
| avg  | 703_501               | 3_429_122 | 6_320_200     | 21.5      | 2_934_186  |
+------+-----------------------+-----------+---------------+-----------+------------+